hkr-o@DESKTOP-11BA239 MINGW64 ~/OneDrive/Desktop/Git/git_challenge
$ git init
Initialized empty Git repository in C:/Users/hkr-o/OneDrive/Desktop/Git/git_challenge/.git/

hkr-o@DESKTOP-11BA239 MINGW64 ~/OneDrive/Desktop/Git/git_challenge (main)
$ git status
On branch main

No commits yet

Untracked files:
  (use "git add <file>..." to include in what will be committed)
        hello_world.txt

nothing added to commit but untracked files present (use "git add" to track)

hkr-o@DESKTOP-11BA239 MINGW64 ~/OneDrive/Desktop/Git/git_challenge (main)
$ git add .

hkr-o@DESKTOP-11BA239 MINGW64 ~/OneDrive/Desktop/Git/git_challenge (main)
$ git status
On branch main

No commits yet

Changes to be committed:
  (use "git rm --cached <file>..." to unstage)
        new file:   hello_world.txt


hkr-o@DESKTOP-11BA239 MINGW64 ~/OneDrive/Desktop/Git/git_challenge (main)
$ git commit -m "hello_world.txtを追加"
[main (root-commit) cafb472] hello_world.txtを追加
 1 file changed, 1 insertion(+)
 create mode 100644 hello_world.txt

hkr-o@DESKTOP-11BA239 MINGW64 ~/OneDrive/Desktop/Git/git_challenge (main)
$ git status
On branch main
Changes not staged for commit:
  (use "git add <file>..." to update what will be committed)
  (use "git restore <file>..." to discard changes in working directory)
        modified:   hello_world.txt

no changes added to commit (use "git add" and/or "git commit -a")

hkr-o@DESKTOP-11BA239 MINGW64 ~/OneDrive/Desktop/Git/git_challenge (main)
$ git add .


hkr-o@DESKTOP-11BA239 MINGW64 ~/OneDrive/Desktop/Git/git_challenge (main)
$ git status
On branch main
Changes to be committed:
  (use "git restore --staged <file>..." to unstage)
        modified:   hello_world.txt


hkr-o@DESKTOP-11BA239 MINGW64 ~/OneDrive/Desktop/Git/git_challenge (main)
$ git commit -m "日本語訳を追記"
[main cd8518c] 日本語訳を追記
 1 file changed, 2 insertions(+), 1 deletion(-)



hkr-o@DESKTOP-11BA239 MINGW64 ~/OneDrive/Desktop/Git/git_challenge (main)
$ git log --oneline
cd8518c (HEAD -> main) 日本語訳を追記
cafb472 hello_world.txtを追加
